***************************************
queryItem: trpA
stringId: 9606.ENSP00000234798
ncbiTaxonId: 9606
taxonName: Homo sapiens
preferredName: TPSG1
annotation: Tryptase gamma; Serine proteases
***************************************
